23.255.252.119 - - [17/Sep/2014:16:52:32 -0700] "POST /wp-admin/admin-ajax.php HTTP/1.1" 200 593 "http://whedd.dividesbyzero.net/wp-admin/options-general.php" "Mozilla/5.0 (Macintosh; Intel Mac OS X 10_9_2) AppleWebKit/537.36 (KHTML, like Gecko) Chrome/37.0.2062.94 Safari/537.36"
23.255.252.119 - - [17/Sep/2014:16:54:31 -0700] "POST /wp-admin/admin-ajax.php HTTP/1.1" 200 593 "http://whedd.dividesbyzero.net/wp-admin/options-general.php" "Mozilla/5.0 (Macintosh; Intel Mac OS X 10_9_2) AppleWebKit/537.36 (KHTML, like Gecko) Chrome/37.0.2062.94 Safari/537.36"
23.255.252.119 - - [17/Sep/2014:17:10:51 -0700] "GET /wp-admin/user-new.php HTTP/1.1" 200 6323 "http://whedd.dividesbyzero.net/wp-admin/options-general.php" "Mozilla/5.0 (Macintosh; Intel Mac OS X 10_9_2) AppleWebKit/537.36 (KHTML, like Gecko) Chrome/37.0.2062.94 Safari/537.36"
23.255.252.119 - - [17/Sep/2014:17:10:52 -0700] "GET /wp-admin/load-scripts.php?c=0&load%5B%5D=hoverIntent,common,admin-bar,wp-ajax-response,password-strength-meter,user-profile,svg-painter,heartbeat,wp-auth-check&ver=4.0 HTTP/1.1" 200 11973 "http://whedd.dividesbyzero.net/wp-admin/user-new.php" "Mozilla/5.0 (Macintosh; Intel Mac OS X 10_9_2) AppleWebKit/537.36 (KHTML, like Gecko) Chrome/37.0.2062.94 Safari/537.36"
23.255.252.119 - - [17/Sep/2014:17:10:52 -0700] "GET /wp-admin/load-scripts.php?c=0&load%5B%5D=jquery-core,jquery-migrate,utils,zxcvbn-async&ver=4.0 HTTP/1.1" 200 36984 "http://whedd.dividesbyzero.net/wp-admin/user-new.php" "Mozilla/5.0 (Macintosh; Intel Mac OS X 10_9_2) AppleWebKit/537.36 (KHTML, like Gecko) Chrome/37.0.2062.94 Safari/537.36"
23.255.252.119 - - [17/Sep/2014:17:11:53 -0700] "POST /wp-admin/admin-ajax.php HTTP/1.1" 200 593 "http://whedd.dividesbyzero.net/wp-admin/user-new.php" "Mozilla/5.0 (Macintosh; Intel Mac OS X 10_9_2) AppleWebKit/537.36 (KHTML, like Gecko) Chrome/37.0.2062.94 Safari/537.36"
23.255.252.119 - - [17/Sep/2014:17:13:53 -0700] "POST /wp-admin/admin-ajax.php HTTP/1.1" 200 593 "http://whedd.dividesbyzero.net/wp-admin/user-new.php" "Mozilla/5.0 (Macintosh; Intel Mac OS X 10_9_2) AppleWebKit/537.36 (KHTML, like Gecko) Chrome/37.0.2062.94 Safari/537.36"
23.255.252.119 - - [17/Sep/2014:17:15:53 -0700] "POST /wp-admin/admin-ajax.php HTTP/1.1" 200 593 "http://whedd.dividesbyzero.net/wp-admin/user-new.php" "Mozilla/5.0 (Macintosh; Intel Mac OS X 10_9_2) AppleWebKit/537.36 (KHTML, like Gecko) Chrome/37.0.2062.94 Safari/537.36"
23.255.252.119 - - [17/Sep/2014:17:17:52 -0700] "POST /wp-admin/admin-ajax.php HTTP/1.1" 200 593 "http://whedd.dividesbyzero.net/wp-admin/user-new.php" "Mozilla/5.0 (Macintosh; Intel Mac OS X 10_9_2) AppleWebKit/537.36 (KHTML, like Gecko) Chrome/37.0.2062.94 Safari/537.36"
23.255.252.119 - - [17/Sep/2014:17:19:53 -0700] "POST /wp-admin/admin-ajax.php HTTP/1.1" 200 593 "http://whedd.dividesbyzero.net/wp-admin/user-new.php" "Mozilla/5.0 (Macintosh; Intel Mac OS X 10_9_2) AppleWebKit/537.36 (KHTML, like Gecko) Chrome/37.0.2062.94 Safari/537.36"
23.255.252.119 - - [17/Sep/2014:17:21:53 -0700] "POST /wp-admin/admin-ajax.php HTTP/1.1" 200 593 "http://whedd.dividesbyzero.net/wp-admin/user-new.php" "Mozilla/5.0 (Macintosh; Intel Mac OS X 10_9_2) AppleWebKit/537.36 (KHTML, like Gecko) Chrome/37.0.2062.94 Safari/537.36"
23.255.252.119 - - [17/Sep/2014:17:23:53 -0700] "POST /wp-admin/admin-ajax.php HTTP/1.1" 200 593 "http://whedd.dividesbyzero.net/wp-admin/user-new.php" "Mozilla/5.0 (Macintosh; Intel Mac OS X 10_9_2) AppleWebKit/537.36 (KHTML, like Gecko) Chrome/37.0.2062.94 Safari/537.36"
23.255.252.119 - - [17/Sep/2014:17:25:53 -0700] "POST /wp-admin/admin-ajax.php HTTP/1.1" 200 593 "http://whedd.dividesbyzero.net/wp-admin/user-new.php" "Mozilla/5.0 (Macintosh; Intel Mac OS X 10_9_2) AppleWebKit/537.36 (KHTML, like Gecko) Chrome/37.0.2062.94 Safari/537.36"
23.255.252.119 - - [17/Sep/2014:17:27:52 -0700] "POST /wp-admin/admin-ajax.php HTTP/1.1" 200 593 "http://whedd.dividesbyzero.net/wp-admin/user-new.php" "Mozilla/5.0 (Macintosh; Intel Mac OS X 10_9_2) AppleWebKit/537.36 (KHTML, like Gecko) Chrome/37.0.2062.94 Safari/537.36"
23.255.252.119 - - [17/Sep/2014:17:29:52 -0700] "POST /wp-admin/admin-ajax.php HTTP/1.1" 200 593 "http://whedd.dividesbyzero.net/wp-admin/user-new.php" "Mozilla/5.0 (Macintosh; Intel Mac OS X 10_9_2) AppleWebKit/537.36 (KHTML, like Gecko) Chrome/37.0.2062.94 Safari/537.36"
66.249.85.36 - - [17/Sep/2014:18:12:27 -0700] "GET / HTTP/1.1" 200 2655 "-" "Mozilla/5.0 (Windows NT 6.1; rv:6.0) Gecko/20110814 Firefox/6.0 Google favicon"
66.249.85.36 - - [17/Sep/2014:18:12:27 -0700] "GET /favicon.ico HTTP/1.1" 404 508 "-" "Mozilla/5.0 (Windows NT 6.1; rv:6.0) Gecko/20110814 Firefox/6.0 Google favicon"
66.249.81.91 - - [17/Sep/2014:18:12:27 -0700] "GET / HTTP/1.1" 200 2655 "http://www.google.com/search" "Mozilla/5.0 (X11; Linux x86_64) AppleWebKit/537.36 (KHTML, like Gecko; Google Web Preview) Chrome/27.0.1453 Safari/537.36"
66.249.81.91 - - [17/Sep/2014:18:12:28 -0700] "GET /wp-content/themes/twentyfourteen/style.css?ver=4.0 HTTP/1.1" 200 14206 "http://whedd.dividesbyzero.net/" "Mozilla/5.0 (X11; Linux x86_64) AppleWebKit/537.36 (KHTML, like Gecko; Google Web Preview) Chrome/27.0.1453 Safari/537.36"
66.249.81.91 - - [17/Sep/2014:18:12:28 -0700] "GET /wp-includes/js/jquery/jquery.js?ver=1.11.1 HTTP/1.1" 200 33585 "http://whedd.dividesbyzero.net/" "Mozilla/5.0 (X11; Linux x86_64) AppleWebKit/537.36 (KHTML, like Gecko; Google Web Preview) Chrome/27.0.1453 Safari/537.36"
66.249.81.91 - - [17/Sep/2014:18:12:28 -0700] "GET /wp-content/themes/twentyfourteen/genericons/genericons.css?ver=3.0.3 HTTP/1.1" 200 19668 "http://whedd.dividesbyzero.net/" "Mozilla/5.0 (X11; Linux x86_64) AppleWebKit/537.36 (KHTML, like Gecko; Google Web Preview) Chrome/27.0.1453 Safari/537.36"
66.249.81.91 - - [17/Sep/2014:18:12:28 -0700] "GET /wp-includes/js/jquery/jquery-migrate.min.js?ver=1.2.1 HTTP/1.1" 200 3420 "http://whedd.dividesbyzero.net/" "Mozilla/5.0 (X11; Linux x86_64) AppleWebKit/537.36 (KHTML, like Gecko; Google Web Preview) Chrome/27.0.1453 Safari/537.36"
66.249.81.91 - - [17/Sep/2014:18:12:28 -0700] "GET /wp-content/themes/twentyfourteen/js/functions.js?ver=20140616 HTTP/1.1" 200 1793 "http://whedd.dividesbyzero.net/" "Mozilla/5.0 (X11; Linux x86_64) AppleWebKit/537.36 (KHTML, like Gecko; Google Web Preview) Chrome/27.0.1453 Safari/537.36"
23.255.252.119 - - [17/Sep/2014:18:19:56 -0700] "POST /wp-admin/admin-ajax.php HTTP/1.1" 200 593 "http://whedd.dividesbyzero.net/wp-admin/user-new.php" "Mozilla/5.0 (Macintosh; Intel Mac OS X 10_9_2) AppleWebKit/537.36 (KHTML, like Gecko) Chrome/37.0.2062.94 Safari/537.36"
23.255.252.119 - - [17/Sep/2014:18:20:56 -0700] "POST /wp-admin/admin-ajax.php HTTP/1.1" 200 593 "http://whedd.dividesbyzero.net/wp-admin/user-new.php" "Mozilla/5.0 (Macintosh; Intel Mac OS X 10_9_2) AppleWebKit/537.36 (KHTML, like Gecko) Chrome/37.0.2062.94 Safari/537.36"
23.255.252.119 - - [17/Sep/2014:18:44:44 -0700] "POST /wp-admin/admin-ajax.php HTTP/1.1" 200 593 "http://whedd.dividesbyzero.net/wp-admin/user-new.php" "Mozilla/5.0 (Macintosh; Intel Mac OS X 10_9_2) AppleWebKit/537.36 (KHTML, like Gecko) Chrome/37.0.2062.94 Safari/537.36"
23.255.252.119 - - [17/Sep/2014:18:46:45 -0700] "POST /wp-admin/admin-ajax.php HTTP/1.1" 200 593 "http://whedd.dividesbyzero.net/wp-admin/user-new.php" "Mozilla/5.0 (Macintosh; Intel Mac OS X 10_9_2) AppleWebKit/537.36 (KHTML, like Gecko) Chrome/37.0.2062.94 Safari/537.36"
23.255.252.119 - - [17/Sep/2014:18:48:47 -0700] "POST /wp-admin/admin-ajax.php HTTP/1.1" 200 593 "http://whedd.dividesbyzero.net/wp-admin/user-new.php" "Mozilla/5.0 (Macintosh; Intel Mac OS X 10_9_2) AppleWebKit/537.36 (KHTML, like Gecko) Chrome/37.0.2062.94 Safari/537.36"
107.146.231.91 - - [17/Sep/2014:19:19:22 -0700] "GET / HTTP/1.1" 200 2655 "-" "Mozilla/5.0 (Macintosh; Intel Mac OS X 10_9_4) AppleWebKit/537.36 (KHTML, like Gecko) Chrome/36.0.1985.143 Safari/537.36"
107.146.231.91 - - [17/Sep/2014:19:19:23 -0700] "GET /wp-content/themes/twentyfourteen/genericons/genericons.css?ver=3.0.3 HTTP/1.1" 200 19667 "http://whedd.dividesbyzero.net/" "Mozilla/5.0 (Macintosh; Intel Mac OS X 10_9_4) AppleWebKit/537.36 (KHTML, like Gecko) Chrome/36.0.1985.143 Safari/537.36"
107.146.231.91 - - [17/Sep/2014:19:19:23 -0700] "GET /wp-content/themes/twentyfourteen/style.css?ver=4.0 HTTP/1.1" 200 14207 "http://whedd.dividesbyzero.net/" "Mozilla/5.0 (Macintosh; Intel Mac OS X 10_9_4) AppleWebKit/537.36 (KHTML, like Gecko) Chrome/36.0.1985.143 Safari/537.36"
107.146.231.91 - - [17/Sep/2014:19:19:23 -0700] "GET /wp-includes/js/jquery/jquery-migrate.min.js?ver=1.2.1 HTTP/1.1" 200 3420 "http://whedd.dividesbyzero.net/" "Mozilla/5.0 (Macintosh; Intel Mac OS X 10_9_4) AppleWebKit/537.36 (KHTML, like Gecko) Chrome/36.0.1985.143 Safari/537.36"
107.146.231.91 - - [17/Sep/2014:19:19:23 -0700] "GET /wp-content/themes/twentyfourteen/js/functions.js?ver=20140616 HTTP/1.1" 200 1793 "http://whedd.dividesbyzero.net/" "Mozilla/5.0 (Macintosh; Intel Mac OS X 10_9_4) AppleWebKit/537.36 (KHTML, like Gecko) Chrome/36.0.1985.143 Safari/537.36"
107.146.231.91 - - [17/Sep/2014:19:19:23 -0700] "GET /wp-includes/js/jquery/jquery.js?ver=1.11.1 HTTP/1.1" 200 33585 "http://whedd.dividesbyzero.net/" "Mozilla/5.0 (Macintosh; Intel Mac OS X 10_9_4) AppleWebKit/537.36 (KHTML, like Gecko) Chrome/36.0.1985.143 Safari/537.36"
107.146.231.91 - - [17/Sep/2014:19:19:24 -0700] "GET /favicon.ico HTTP/1.1" 404 508 "-" "Mozilla/5.0 (Macintosh; Intel Mac OS X 10_9_4) AppleWebKit/537.36 (KHTML, like Gecko) Chrome/36.0.1985.143 Safari/537.36"
107.146.231.91 - - [17/Sep/2014:19:19:24 -0700] "GET /favicon.ico HTTP/1.1" 404 508 "-" "Mozilla/5.0 (Macintosh; Intel Mac OS X 10_9_4) AppleWebKit/537.36 (KHTML, like Gecko) Chrome/36.0.1985.143 Safari/537.36"
23.255.252.119 - - [17/Sep/2014:19:19:30 -0700] "GET / HTTP/1.1" 200 4282 "http://www.google.com/url?q=http%3A%2F%2Fwhedd.dividesbyzero.net%2F&sa=D&sntz=1&usg=AFQjCNFqvL1R3laxcvpOg1UI5JoKzgbBcg" "Mozilla/5.0 (Macintosh; Intel Mac OS X 10_9_2) AppleWebKit/537.36 (KHTML, like Gecko) Chrome/37.0.2062.94 Safari/537.36"
23.255.252.119 - - [17/Sep/2014:19:19:31 -0700] "GET /wp-includes/css/dashicons.min.css?ver=4.0 HTTP/1.1" 304 209 "http://whedd.dividesbyzero.net/" "Mozilla/5.0 (Macintosh; Intel Mac OS X 10_9_2) AppleWebKit/537.36 (KHTML, like Gecko) Chrome/37.0.2062.94 Safari/537.36"
23.255.252.119 - - [17/Sep/2014:19:19:31 -0700] "GET /wp-includes/css/admin-bar.min.css?ver=4.0 HTTP/1.1" 200 3839 "http://whedd.dividesbyzero.net/" "Mozilla/5.0 (Macintosh; Intel Mac OS X 10_9_2) AppleWebKit/537.36 (KHTML, like Gecko) Chrome/37.0.2062.94 Safari/537.36"
23.255.252.119 - - [17/Sep/2014:19:19:31 -0700] "GET /wp-content/themes/twentyfourteen/genericons/genericons.css?ver=3.0.3 HTTP/1.1" 200 19668 "http://whedd.dividesbyzero.net/" "Mozilla/5.0 (Macintosh; Intel Mac OS X 10_9_2) AppleWebKit/537.36 (KHTML, like Gecko) Chrome/37.0.2062.94 Safari/537.36"
23.255.252.119 - - [17/Sep/2014:19:19:31 -0700] "GET /wp-content/themes/twentyfourteen/style.css?ver=4.0 HTTP/1.1" 200 14207 "http://whedd.dividesbyzero.net/" "Mozilla/5.0 (Macintosh; Intel Mac OS X 10_9_2) AppleWebKit/537.36 (KHTML, like Gecko) Chrome/37.0.2062.94 Safari/537.36"
23.255.252.119 - - [17/Sep/2014:19:19:31 -0700] "GET /wp-includes/js/admin-bar.min.js?ver=4.0 HTTP/1.1" 200 2745 "http://whedd.dividesbyzero.net/" "Mozilla/5.0 (Macintosh; Intel Mac OS X 10_9_2) AppleWebKit/537.36 (KHTML, like Gecko) Chrome/37.0.2062.94 Safari/537.36"
23.255.252.119 - - [17/Sep/2014:19:19:31 -0700] "GET /wp-includes/js/jquery/jquery.js?ver=1.11.1 HTTP/1.1" 200 33584 "http://whedd.dividesbyzero.net/" "Mozilla/5.0 (Macintosh; Intel Mac OS X 10_9_2) AppleWebKit/537.36 (KHTML, like Gecko) Chrome/37.0.2062.94 Safari/537.36"
23.255.252.119 - - [17/Sep/2014:19:19:31 -0700] "GET /wp-content/themes/twentyfourteen/js/functions.js?ver=20140616 HTTP/1.1" 200 1793 "http://whedd.dividesbyzero.net/" "Mozilla/5.0 (Macintosh; Intel Mac OS X 10_9_2) AppleWebKit/537.36 (KHTML, like Gecko) Chrome/37.0.2062.94 Safari/537.36"
107.146.231.91 - - [17/Sep/2014:19:19:47 -0700] "GET /wp-login.php HTTP/1.1" 200 1600 "http://whedd.dividesbyzero.net/" "Mozilla/5.0 (Macintosh; Intel Mac OS X 10_9_4) AppleWebKit/537.36 (KHTML, like Gecko) Chrome/36.0.1985.143 Safari/537.36"
107.146.231.91 - - [17/Sep/2014:19:19:47 -0700] "GET /wp-includes/css/buttons.min.css?ver=4.0 HTTP/1.1" 200 1622 "http://whedd.dividesbyzero.net/wp-login.php" "Mozilla/5.0 (Macintosh; Intel Mac OS X 10_9_4) AppleWebKit/537.36 (KHTML, like Gecko) Chrome/36.0.1985.143 Safari/537.36"
107.146.231.91 - - [17/Sep/2014:19:19:47 -0700] "GET /wp-admin/css/login.min.css?ver=4.0 HTTP/1.1" 200 5079 "http://whedd.dividesbyzero.net/wp-login.php" "Mozilla/5.0 (Macintosh; Intel Mac OS X 10_9_4) AppleWebKit/537.36 (KHTML, like Gecko) Chrome/36.0.1985.143 Safari/537.36"
107.146.231.91 - - [17/Sep/2014:19:19:47 -0700] "GET /wp-includes/css/dashicons.min.css?ver=4.0 HTTP/1.1" 200 25680 "http://whedd.dividesbyzero.net/wp-login.php" "Mozilla/5.0 (Macintosh; Intel Mac OS X 10_9_4) AppleWebKit/537.36 (KHTML, like Gecko) Chrome/36.0.1985.143 Safari/537.36"
107.146.231.91 - - [17/Sep/2014:19:19:48 -0700] "GET /wp-admin/images/wordpress-logo.svg?ver=20131107 HTTP/1.1" 200 1815 "http://whedd.dividesbyzero.net/wp-login.php" "Mozilla/5.0 (Macintosh; Intel Mac OS X 10_9_4) AppleWebKit/537.36 (KHTML, like Gecko) Chrome/36.0.1985.143 Safari/537.36"
107.146.231.91 - - [17/Sep/2014:19:19:50 -0700] "POST /wp-login.php HTTP/1.1" 200 1972 "http://whedd.dividesbyzero.net/wp-login.php" "Mozilla/5.0 (Macintosh; Intel Mac OS X 10_9_4) AppleWebKit/537.36 (KHTML, like Gecko) Chrome/36.0.1985.143 Safari/537.36"
107.146.231.91 - - [17/Sep/2014:19:19:53 -0700] "POST /wp-login.php HTTP/1.1" 200 1972 "http://whedd.dividesbyzero.net/wp-login.php" "Mozilla/5.0 (Macintosh; Intel Mac OS X 10_9_4) AppleWebKit/537.36 (KHTML, like Gecko) Chrome/36.0.1985.143 Safari/537.36"
23.255.252.119 - - [17/Sep/2014:19:20:01 -0700] "POST /wp-admin/admin-ajax.php HTTP/1.1" 200 593 "http://whedd.dividesbyzero.net/wp-admin/user-new.php" "Mozilla/5.0 (Macintosh; Intel Mac OS X 10_9_2) AppleWebKit/537.36 (KHTML, like Gecko) Chrome/37.0.2062.94 Safari/537.36"
107.146.231.91 - - [17/Sep/2014:19:20:09 -0700] "POST /wp-login.php HTTP/1.1" 302 1229 "http://whedd.dividesbyzero.net/wp-login.php" "Mozilla/5.0 (Macintosh; Intel Mac OS X 10_9_4) AppleWebKit/537.36 (KHTML, like Gecko) Chrome/36.0.1985.143 Safari/537.36"
107.146.231.91 - - [17/Sep/2014:19:20:10 -0700] "GET /wp-admin/ HTTP/1.1" 200 12400 "http://whedd.dividesbyzero.net/wp-login.php" "Mozilla/5.0 (Macintosh; Intel Mac OS X 10_9_4) AppleWebKit/537.36 (KHTML, like Gecko) Chrome/36.0.1985.143 Safari/537.36"
107.146.231.91 - - [17/Sep/2014:19:20:10 -0700] "GET /wp-admin/load-styles.php?c=0&dir=ltr&load=dashicons,admin-bar,wp-admin,buttons,wp-auth-check&ver=4.0 HTTP/1.1" 200 71995 "http://whedd.dividesbyzero.net/wp-admin/" "Mozilla/5.0 (Macintosh; Intel Mac OS X 10_9_4) AppleWebKit/537.36 (KHTML, like Gecko) Chrome/36.0.1985.143 Safari/537.36"
107.146.231.91 - - [17/Sep/2014:19:20:10 -0700] "GET /wp-includes/js/thickbox/thickbox.css?ver=4.0 HTTP/1.1" 200 1154 "http://whedd.dividesbyzero.net/wp-admin/" "Mozilla/5.0 (Macintosh; Intel Mac OS X 10_9_4) AppleWebKit/537.36 (KHTML, like Gecko) Chrome/36.0.1985.143 Safari/537.36"
107.146.231.91 - - [17/Sep/2014:19:20:10 -0700] "GET /wp-content/plugins/akismet/_inc/akismet.css?ver=3.0.2 HTTP/1.1" 200 1977 "http://whedd.dividesbyzero.net/wp-admin/" "Mozilla/5.0 (Macintosh; Intel Mac OS X 10_9_4) AppleWebKit/537.36 (KHTML, like Gecko) Chrome/36.0.1985.143 Safari/537.36"
107.146.231.91 - - [17/Sep/2014:19:20:10 -0700] "GET /wp-includes/css/editor.min.css?ver=4.0 HTTP/1.1" 200 5944 "http://whedd.dividesbyzero.net/wp-admin/" "Mozilla/5.0 (Macintosh; Intel Mac OS X 10_9_4) AppleWebKit/537.36 (KHTML, like Gecko) Chrome/36.0.1985.143 Safari/537.36"
107.146.231.91 - - [17/Sep/2014:19:20:10 -0700] "GET /wp-content/plugins/akismet/_inc/akismet.js?ver=3.0.2 HTTP/1.1" 200 2221 "http://whedd.dividesbyzero.net/wp-admin/" "Mozilla/5.0 (Macintosh; Intel Mac OS X 10_9_4) AppleWebKit/537.36 (KHTML, like Gecko) Chrome/36.0.1985.143 Safari/537.36"
107.146.231.91 - - [17/Sep/2014:19:20:10 -0700] "GET /wp-admin/load-scripts.php?c=0&load%5B%5D=jquery-core,jquery-migrate,utils,jquery-ui-core,jquery-ui-widget,jquery-ui-mouse,jquery-ui-sortable,postbox,json2&ver=4.0 HTTP/1.1" 200 49060 "http://whedd.dividesbyzero.net/wp-admin/" "Mozilla/5.0 (Macintosh; Intel Mac OS X 10_9_4) AppleWebKit/537.36 (KHTML, like Gecko) Chrome/36.0.1985.143 Safari/537.36"
107.146.231.91 - - [17/Sep/2014:19:20:11 -0700] "GET /wp-admin/load-scripts.php?c=0&load%5B%5D=hoverIntent,common,admin-bar,wp-ajax-response,jquery-color,wp-lists,quicktags,jquery-query,admin-comments,dashboard,customize-ba&load%5B%5D=se,customize-loader,thickbox,plugin-install,underscore,shortcode,media-upload,svg-painter,heartbeat,wp-auth-check,word-count,wpl&load%5B%5D=ink&ver=4.0 HTTP/1.1" 200 41211 "http://whedd.dividesbyzero.net/wp-admin/" "Mozilla/5.0 (Macintosh; Intel Mac OS X 10_9_4) AppleWebKit/537.36 (KHTML, like Gecko) Chrome/36.0.1985.143 Safari/537.36"
107.146.231.91 - - [17/Sep/2014:19:20:11 -0700] "GET /wp-includes/js/thickbox/loadingAnimation.gif HTTP/1.1" 200 15530 "http://whedd.dividesbyzero.net/wp-admin/" "Mozilla/5.0 (Macintosh; Intel Mac OS X 10_9_4) AppleWebKit/537.36 (KHTML, like Gecko) Chrome/36.0.1985.143 Safari/537.36"
23.255.252.119 - - [17/Sep/2014:19:20:43 -0700] "GET /wp-admin/ HTTP/1.1" 200 12230 "http://whedd.dividesbyzero.net/" "Mozilla/5.0 (Macintosh; Intel Mac OS X 10_9_2) AppleWebKit/537.36 (KHTML, like Gecko) Chrome/37.0.2062.94 Safari/537.36"
23.255.252.119 - - [17/Sep/2014:19:20:43 -0700] "GET /wp-content/plugins/akismet/_inc/akismet.css?ver=3.0.2 HTTP/1.1" 304 209 "http://whedd.dividesbyzero.net/wp-admin/" "Mozilla/5.0 (Macintosh; Intel Mac OS X 10_9_2) AppleWebKit/537.36 (KHTML, like Gecko) Chrome/37.0.2062.94 Safari/537.36"
23.255.252.119 - - [17/Sep/2014:19:20:43 -0700] "GET /wp-content/plugins/akismet/_inc/akismet.js?ver=3.0.2 HTTP/1.1" 304 210 "http://whedd.dividesbyzero.net/wp-admin/" "Mozilla/5.0 (Macintosh; Intel Mac OS X 10_9_2) AppleWebKit/537.36 (KHTML, like Gecko) Chrome/37.0.2062.94 Safari/537.36"
23.255.252.119 - - [17/Sep/2014:19:20:43 -0700] "GET /wp-includes/css/editor.min.css?ver=4.0 HTTP/1.1" 200 5944 "http://whedd.dividesbyzero.net/wp-admin/" "Mozilla/5.0 (Macintosh; Intel Mac OS X 10_9_2) AppleWebKit/537.36 (KHTML, like Gecko) Chrome/37.0.2062.94 Safari/537.36"
23.255.252.119 - - [17/Sep/2014:19:20:43 -0700] "GET /wp-admin/load-scripts.php?c=0&load%5B%5D=jquery-core,jquery-migrate,utils,jquery-ui-core,jquery-ui-widget,jquery-ui-mouse,jquery-ui-sortable,postbox,json2&ver=4.0 HTTP/1.1" 200 49059 "http://whedd.dividesbyzero.net/wp-admin/" "Mozilla/5.0 (Macintosh; Intel Mac OS X 10_9_2) AppleWebKit/537.36 (KHTML, like Gecko) Chrome/37.0.2062.94 Safari/537.36"
23.255.252.119 - - [17/Sep/2014:19:20:43 -0700] "GET /wp-admin/load-scripts.php?c=0&load%5B%5D=hoverIntent,common,admin-bar,wp-ajax-response,jquery-color,wp-lists,quicktags,jquery-query,admin-comments,dashboard,customize-ba&load%5B%5D=se,customize-loader,thickbox,plugin-install,underscore,shortcode,media-upload,svg-painter,heartbeat,wp-auth-check,word-count,wpl&load%5B%5D=ink&ver=4.0 HTTP/1.1" 200 41211 "http://whedd.dividesbyzero.net/wp-admin/" "Mozilla/5.0 (Macintosh; Intel Mac OS X 10_9_2) AppleWebKit/537.36 (KHTML, like Gecko) Chrome/37.0.2062.94 Safari/537.36"
23.255.252.119 - - [17/Sep/2014:19:20:49 -0700] "GET / HTTP/1.1" 200 4282 "http://whedd.dividesbyzero.net/wp-admin/" "Mozilla/5.0 (Macintosh; Intel Mac OS X 10_9_2) AppleWebKit/537.36 (KHTML, like Gecko) Chrome/37.0.2062.94 Safari/537.36"
107.146.231.91 - - [17/Sep/2014:19:20:51 -0700] "GET / HTTP/1.1" 200 4283 "http://whedd.dividesbyzero.net/wp-admin/" "Mozilla/5.0 (Macintosh; Intel Mac OS X 10_9_4) AppleWebKit/537.36 (KHTML, like Gecko) Chrome/36.0.1985.143 Safari/537.36"
107.146.231.91 - - [17/Sep/2014:19:20:51 -0700] "GET /wp-includes/css/admin-bar.min.css?ver=4.0 HTTP/1.1" 200 3839 "http://whedd.dividesbyzero.net/" "Mozilla/5.0 (Macintosh; Intel Mac OS X 10_9_4) AppleWebKit/537.36 (KHTML, like Gecko) Chrome/36.0.1985.143 Safari/537.36"
107.146.231.91 - - [17/Sep/2014:19:20:51 -0700] "GET /wp-includes/js/admin-bar.min.js?ver=4.0 HTTP/1.1" 200 2745 "http://whedd.dividesbyzero.net/" "Mozilla/5.0 (Macintosh; Intel Mac OS X 10_9_4) AppleWebKit/537.36 (KHTML, like Gecko) Chrome/36.0.1985.143 Safari/537.36"
23.255.252.119 - - [17/Sep/2014:19:20:51 -0700] "GET /wp-admin/ HTTP/1.1" 200 12228 "http://whedd.dividesbyzero.net/" "Mozilla/5.0 (Macintosh; Intel Mac OS X 10_9_2) AppleWebKit/537.36 (KHTML, like Gecko) Chrome/37.0.2062.94 Safari/537.36"
107.146.231.91 - - [17/Sep/2014:19:21:02 -0700] "GET /wp-admin/ HTTP/1.1" 200 12228 "http://whedd.dividesbyzero.net/" "Mozilla/5.0 (Macintosh; Intel Mac OS X 10_9_4) AppleWebKit/537.36 (KHTML, like Gecko) Chrome/36.0.1985.143 Safari/537.36"
23.255.252.119 - - [17/Sep/2014:19:21:52 -0700] "POST /wp-admin/admin-ajax.php HTTP/1.1" 200 593 "http://whedd.dividesbyzero.net/wp-admin/" "Mozilla/5.0 (Macintosh; Intel Mac OS X 10_9_2) AppleWebKit/537.36 (KHTML, like Gecko) Chrome/37.0.2062.94 Safari/537.36"
23.255.252.119 - - [17/Sep/2014:19:22:02 -0700] "POST /wp-admin/admin-ajax.php HTTP/1.1" 200 593 "http://whedd.dividesbyzero.net/wp-admin/user-new.php" "Mozilla/5.0 (Macintosh; Intel Mac OS X 10_9_2) AppleWebKit/537.36 (KHTML, like Gecko) Chrome/37.0.2062.94 Safari/537.36"
107.146.231.91 - - [17/Sep/2014:19:22:02 -0700] "POST /wp-admin/admin-ajax.php HTTP/1.1" 200 593 "http://whedd.dividesbyzero.net/wp-admin/" "Mozilla/5.0 (Macintosh; Intel Mac OS X 10_9_4) AppleWebKit/537.36 (KHTML, like Gecko) Chrome/36.0.1985.143 Safari/537.36"
23.255.252.119 - - [17/Sep/2014:19:22:52 -0700] "POST /wp-admin/admin-ajax.php HTTP/1.1" 200 593 "http://whedd.dividesbyzero.net/wp-admin/" "Mozilla/5.0 (Macintosh; Intel Mac OS X 10_9_2) AppleWebKit/537.36 (KHTML, like Gecko) Chrome/37.0.2062.94 Safari/537.36"
107.146.231.91 - - [17/Sep/2014:19:23:03 -0700] "POST /wp-admin/admin-ajax.php HTTP/1.1" 200 593 "http://whedd.dividesbyzero.net/wp-admin/" "Mozilla/5.0 (Macintosh; Intel Mac OS X 10_9_4) AppleWebKit/537.36 (KHTML, like Gecko) Chrome/36.0.1985.143 Safari/537.36"
23.255.252.119 - - [17/Sep/2014:19:23:54 -0700] "POST /wp-admin/admin-ajax.php HTTP/1.1" 200 593 "http://whedd.dividesbyzero.net/wp-admin/" "Mozilla/5.0 (Macintosh; Intel Mac OS X 10_9_2) AppleWebKit/537.36 (KHTML, like Gecko) Chrome/37.0.2062.94 Safari/537.36"
107.146.231.91 - - [17/Sep/2014:19:24:03 -0700] "POST /wp-admin/admin-ajax.php HTTP/1.1" 200 593 "http://whedd.dividesbyzero.net/wp-admin/" "Mozilla/5.0 (Macintosh; Intel Mac OS X 10_9_4) AppleWebKit/537.36 (KHTML, like Gecko) Chrome/36.0.1985.143 Safari/537.36"
23.255.252.119 - - [17/Sep/2014:19:24:03 -0700] "POST /wp-admin/admin-ajax.php HTTP/1.1" 200 593 "http://whedd.dividesbyzero.net/wp-admin/user-new.php" "Mozilla/5.0 (Macintosh; Intel Mac OS X 10_9_2) AppleWebKit/537.36 (KHTML, like Gecko) Chrome/37.0.2062.94 Safari/537.36"
107.146.231.91 - - [17/Sep/2014:19:26:03 -0700] "POST /wp-admin/admin-ajax.php HTTP/1.1" 200 593 "http://whedd.dividesbyzero.net/wp-admin/" "Mozilla/5.0 (Macintosh; Intel Mac OS X 10_9_4) AppleWebKit/537.36 (KHTML, like Gecko) Chrome/36.0.1985.143 Safari/537.36"
107.146.231.91 - - [17/Sep/2014:19:28:03 -0700] "POST /wp-admin/admin-ajax.php HTTP/1.1" 200 593 "http://whedd.dividesbyzero.net/wp-admin/" "Mozilla/5.0 (Macintosh; Intel Mac OS X 10_9_4) AppleWebKit/537.36 (KHTML, like Gecko) Chrome/36.0.1985.143 Safari/537.36"
107.146.231.91 - - [17/Sep/2014:19:29:37 -0700] "POST /wp-admin/admin-ajax.php HTTP/1.1" 200 593 "http://whedd.dividesbyzero.net/wp-admin/" "Mozilla/5.0 (Macintosh; Intel Mac OS X 10_9_4) AppleWebKit/537.36 (KHTML, like Gecko) Chrome/36.0.1985.143 Safari/537.36"
107.146.231.91 - - [17/Sep/2014:19:30:37 -0700] "POST /wp-admin/admin-ajax.php HTTP/1.1" 200 593 "http://whedd.dividesbyzero.net/wp-admin/" "Mozilla/5.0 (Macintosh; Intel Mac OS X 10_9_4) AppleWebKit/537.36 (KHTML, like Gecko) Chrome/36.0.1985.143 Safari/537.36"
107.146.231.91 - - [17/Sep/2014:19:32:37 -0700] "POST /wp-admin/admin-ajax.php HTTP/1.1" 200 593 "http://whedd.dividesbyzero.net/wp-admin/" "Mozilla/5.0 (Macintosh; Intel Mac OS X 10_9_4) AppleWebKit/537.36 (KHTML, like Gecko) Chrome/36.0.1985.143 Safari/537.36"
107.146.231.91 - - [17/Sep/2014:19:33:37 -0700] "POST /wp-admin/admin-ajax.php HTTP/1.1" 200 593 "http://whedd.dividesbyzero.net/wp-admin/" "Mozilla/5.0 (Macintosh; Intel Mac OS X 10_9_4) AppleWebKit/537.36 (KHTML, like Gecko) Chrome/36.0.1985.143 Safari/537.36"
107.146.231.91 - - [17/Sep/2014:19:34:38 -0700] "POST /wp-admin/admin-ajax.php HTTP/1.1" 200 593 "http://whedd.dividesbyzero.net/wp-admin/" "Mozilla/5.0 (Macintosh; Intel Mac OS X 10_9_4) AppleWebKit/537.36 (KHTML, like Gecko) Chrome/36.0.1985.143 Safari/537.36"
23.255.252.119 - - [17/Sep/2014:23:03:44 -0700] "GET /wp-admin/themes.php HTTP/1.1" 200 8852 "http://whedd.dividesbyzero.net/wp-admin/" "Mozilla/5.0 (Macintosh; Intel Mac OS X 10_9_2) AppleWebKit/537.36 (KHTML, like Gecko) Chrome/37.0.2062.94 Safari/537.36"
23.255.252.119 - - [17/Sep/2014:23:03:48 -0700] "GET /wp-admin/themes.php HTTP/1.1" 200 8851 "http://whedd.dividesbyzero.net/wp-admin/themes.php" "Mozilla/5.0 (Macintosh; Intel Mac OS X 10_9_2) AppleWebKit/537.36 (KHTML, like Gecko) Chrome/37.0.2062.94 Safari/537.36"
23.255.252.119 - - [17/Sep/2014:23:03:50 -0700] "GET /wp-admin/customize.php?return=%2Fwp-admin%2Fthemes.php HTTP/1.1" 200 21012 "http://whedd.dividesbyzero.net/wp-admin/themes.php" "Mozilla/5.0 (Macintosh; Intel Mac OS X 10_9_2) AppleWebKit/537.36 (KHTML, like Gecko) Chrome/37.0.2062.94 Safari/537.36"
23.255.252.119 - - [17/Sep/2014:23:03:50 -0700] "GET /wp-includes/js/mediaelement/mediaelementplayer.min.css?ver=2.15.0 HTTP/1.1" 304 210 "http://whedd.dividesbyzero.net/wp-admin/customize.php?return=%2Fwp-admin%2Fthemes.php" "Mozilla/5.0 (Macintosh; Intel Mac OS X 10_9_2) AppleWebKit/537.36 (KHTML, like Gecko) Chrome/37.0.2062.94 Safari/537.36"
23.255.252.119 - - [17/Sep/2014:23:03:50 -0700] "GET /wp-includes/js/mediaelement/wp-mediaelement.css?ver=4.0 HTTP/1.1" 304 210 "http://whedd.dividesbyzero.net/wp-admin/customize.php?return=%2Fwp-admin%2Fthemes.php" "Mozilla/5.0 (Macintosh; Intel Mac OS X 10_9_2) AppleWebKit/537.36 (KHTML, like Gecko) Chrome/37.0.2062.94 Safari/537.36"
23.255.252.119 - - [17/Sep/2014:23:03:50 -0700] "GET /wp-admin/load-styles.php?c=0&dir=ltr&load=dashicons,wp-admin,buttons,customize-controls,customize-widgets,media-views,wp-color-picker&ver=4.0 HTTP/1.1" 200 79758 "http://whedd.dividesbyzero.net/wp-admin/customize.php?return=%2Fwp-admin%2Fthemes.php" "Mozilla/5.0 (Macintosh; Intel Mac OS X 10_9_2) AppleWebKit/537.36 (KHTML, like Gecko) Chrome/37.0.2062.94 Safari/537.36"
23.255.252.119 - - [17/Sep/2014:23:03:50 -0700] "GET /wp-admin/load-scripts.php?c=0&load%5B%5D=jquery-core,jquery-migrate,json2,plupload,utils&ver=4.0 HTTP/1.1" 200 72452 "http://whedd.dividesbyzero.net/wp-admin/customize.php?return=%2Fwp-admin%2Fthemes.php" "Mozilla/5.0 (Macintosh; Intel Mac OS X 10_9_2) AppleWebKit/537.36 (KHTML, like Gecko) Chrome/37.0.2062.94 Safari/537.36"
23.255.252.119 - - [17/Sep/2014:23:03:50 -0700] "GET /wp-admin/load-scripts.php?c=0&load%5B%5D=customize-base,customize-controls,accordion,jquery-ui-core,jquery-ui-widget,jquery-ui-mouse,jquery-ui-sortable,jquery-ui-draggab&load%5B%5D=le,jquery-ui-droppable,underscore,backbone,wp-util,wp-backbone,customize-widgets,media-models,wp-plupload,shortcode,mediaelement&load%5B%5D=,wp-mediaelement,media-views,media-editor,media-audiovideo,wp-playlist,mce-view,imgareaselect,image-edit,customize-models,custom&load%5B%5D=ize-views,jquery-ui-slider,jquery-touch-punch,iris,wp-color-picker,suggest&ver=4.0 HTTP/1.1" 200 120015 "http://whedd.dividesbyzero.net/wp-admin/customize.php?return=%2Fwp-admin%2Fthemes.php" "Mozilla/5.0 (Macintosh; Intel Mac OS X 10_9_2) AppleWebKit/537.36 (KHTML, like Gecko) Chrome/37.0.2062.94 Safari/537.36"
23.255.252.119 - - [17/Sep/2014:23:03:51 -0700] "POST / HTTP/1.1" 200 5118 "http://whedd.dividesbyzero.net/wp-admin/customize.php?return=%2Fwp-admin%2Fthemes.php" "Mozilla/5.0 (Macintosh; Intel Mac OS X 10_9_2) AppleWebKit/537.36 (KHTML, like Gecko) Chrome/37.0.2062.94 Safari/537.36"
23.255.252.119 - - [17/Sep/2014:23:03:51 -0700] "GET /wp-content/themes/twentyfourteen/genericons/genericons.css?ver=3.0.3 HTTP/1.1" 304 209 "http://whedd.dividesbyzero.net/wp-admin/customize.php?return=%2Fwp-admin%2Fthemes.php" "Mozilla/5.0 (Macintosh; Intel Mac OS X 10_9_2) AppleWebKit/537.36 (KHTML, like Gecko) Chrome/37.0.2062.94 Safari/537.36"
23.255.252.119 - - [17/Sep/2014:23:03:51 -0700] "GET /wp-content/themes/twentyfourteen/style.css?ver=4.0 HTTP/1.1" 304 210 "http://whedd.dividesbyzero.net/wp-admin/customize.php?return=%2Fwp-admin%2Fthemes.php" "Mozilla/5.0 (Macintosh; Intel Mac OS X 10_9_2) AppleWebKit/537.36 (KHTML, like Gecko) Chrome/37.0.2062.94 Safari/537.36"
23.255.252.119 - - [17/Sep/2014:23:03:51 -0700] "GET /wp-includes/js/jquery/jquery.js?ver=1.11.1 HTTP/1.1" 304 210 "http://whedd.dividesbyzero.net/wp-admin/customize.php?return=%2Fwp-admin%2Fthemes.php" "Mozilla/5.0 (Macintosh; Intel Mac OS X 10_9_2) AppleWebKit/537.36 (KHTML, like Gecko) Chrome/37.0.2062.94 Safari/537.36"
23.255.252.119 - - [17/Sep/2014:23:03:51 -0700] "GET /wp-includes/js/customize-base.min.js?ver=4.0 HTTP/1.1" 200 2395 "http://whedd.dividesbyzero.net/wp-admin/customize.php?return=%2Fwp-admin%2Fthemes.php" "Mozilla/5.0 (Macintosh; Intel Mac OS X 10_9_2) AppleWebKit/537.36 (KHTML, like Gecko) Chrome/37.0.2062.94 Safari/537.36"
23.255.252.119 - - [17/Sep/2014:23:03:51 -0700] "GET /wp-includes/js/customize-preview.min.js?ver=4.0 HTTP/1.1" 200 1200 "http://whedd.dividesbyzero.net/wp-admin/customize.php?return=%2Fwp-admin%2Fthemes.php" "Mozilla/5.0 (Macintosh; Intel Mac OS X 10_9_2) AppleWebKit/537.36 (KHTML, like Gecko) Chrome/37.0.2062.94 Safari/537.36"
23.255.252.119 - - [17/Sep/2014:23:03:51 -0700] "GET /wp-content/themes/twentyfourteen/js/functions.js?ver=20140616 HTTP/1.1" 304 208 "http://whedd.dividesbyzero.net/wp-admin/customize.php?return=%2Fwp-admin%2Fthemes.php" "Mozilla/5.0 (Macintosh; Intel Mac OS X 10_9_2) AppleWebKit/537.36 (KHTML, like Gecko) Chrome/37.0.2062.94 Safari/537.36"
23.255.252.119 - - [17/Sep/2014:23:03:51 -0700] "GET /wp-includes/js/wp-util.min.js?ver=4.0 HTTP/1.1" 200 890 "http://whedd.dividesbyzero.net/wp-admin/customize.php?return=%2Fwp-admin%2Fthemes.php" "Mozilla/5.0 (Macintosh; Intel Mac OS X 10_9_2) AppleWebKit/537.36 (KHTML, like Gecko) Chrome/37.0.2062.94 Safari/537.36"
23.255.252.119 - - [17/Sep/2014:23:03:51 -0700] "GET /wp-includes/js/customize-preview-widgets.min.js?ver=4.0 HTTP/1.1" 200 1020 "http://whedd.dividesbyzero.net/wp-admin/customize.php?return=%2Fwp-admin%2Fthemes.php" "Mozilla/5.0 (Macintosh; Intel Mac OS X 10_9_2) AppleWebKit/537.36 (KHTML, like Gecko) Chrome/37.0.2062.94 Safari/537.36"
23.255.252.119 - - [17/Sep/2014:23:03:57 -0700] "GET /wp-admin/themes.php HTTP/1.1" 200 8852 "http://whedd.dividesbyzero.net/wp-admin/customize.php?return=%2Fwp-admin%2Fthemes.php" "Mozilla/5.0 (Macintosh; Intel Mac OS X 10_9_2) AppleWebKit/537.36 (KHTML, like Gecko) Chrome/37.0.2062.94 Safari/537.36"
23.255.252.119 - - [17/Sep/2014:23:04:58 -0700] "POST /wp-admin/admin-ajax.php HTTP/1.1" 200 593 "http://whedd.dividesbyzero.net/wp-admin/themes.php?theme=twentyfourteen" "Mozilla/5.0 (Macintosh; Intel Mac OS X 10_9_2) AppleWebKit/537.36 (KHTML, like Gecko) Chrome/37.0.2062.94 Safari/537.36"
23.255.252.119 - - [17/Sep/2014:23:06:58 -0700] "POST /wp-admin/admin-ajax.php HTTP/1.1" 200 593 "http://whedd.dividesbyzero.net/wp-admin/themes.php?theme=twentyfourteen" "Mozilla/5.0 (Macintosh; Intel Mac OS X 10_9_2) AppleWebKit/537.36 (KHTML, like Gecko) Chrome/37.0.2062.94 Safari/537.36"
23.255.252.119 - - [17/Sep/2014:23:07:59 -0700] "POST /wp-admin/admin-ajax.php HTTP/1.1" 200 593 "http://whedd.dividesbyzero.net/wp-admin/themes.php?theme=twentyfourteen" "Mozilla/5.0 (Macintosh; Intel Mac OS X 10_9_2) AppleWebKit/537.36 (KHTML, like Gecko) Chrome/37.0.2062.94 Safari/537.36"
23.255.252.119 - - [17/Sep/2014:23:10:02 -0700] "POST /wp-admin/admin-ajax.php HTTP/1.1" 200 593 "http://whedd.dividesbyzero.net/wp-admin/themes.php?theme=twentyfourteen" "Mozilla/5.0 (Macintosh; Intel Mac OS X 10_9_2) AppleWebKit/537.36 (KHTML, like Gecko) Chrome/37.0.2062.94 Safari/537.36"
23.255.252.119 - - [18/Sep/2014:00:26:47 -0700] "GET / HTTP/1.1" 200 4282 "http://whedd.dividesbyzero.net/wp-admin/user-new.php" "Mozilla/5.0 (Macintosh; Intel Mac OS X 10_9_2) AppleWebKit/537.36 (KHTML, like Gecko) Chrome/37.0.2062.94 Safari/537.36"
23.255.252.119 - - [18/Sep/2014:00:26:47 -0700] "GET /wp-includes/css/dashicons.min.css?ver=4.0 HTTP/1.1" 304 209 "http://whedd.dividesbyzero.net/" "Mozilla/5.0 (Macintosh; Intel Mac OS X 10_9_2) AppleWebKit/537.36 (KHTML, like Gecko) Chrome/37.0.2062.94 Safari/537.36"
23.255.252.119 - - [18/Sep/2014:00:26:47 -0700] "GET /wp-includes/css/admin-bar.min.css?ver=4.0 HTTP/1.1" 304 210 "http://whedd.dividesbyzero.net/" "Mozilla/5.0 (Macintosh; Intel Mac OS X 10_9_2) AppleWebKit/537.36 (KHTML, like Gecko) Chrome/37.0.2062.94 Safari/537.36"
23.255.252.119 - - [18/Sep/2014:00:26:47 -0700] "GET /wp-content/themes/twentyfourteen/genericons/genericons.css?ver=3.0.3 HTTP/1.1" 304 209 "http://whedd.dividesbyzero.net/" "Mozilla/5.0 (Macintosh; Intel Mac OS X 10_9_2) AppleWebKit/537.36 (KHTML, like Gecko) Chrome/37.0.2062.94 Safari/537.36"
23.255.252.119 - - [18/Sep/2014:00:26:47 -0700] "GET /wp-content/themes/twentyfourteen/style.css?ver=4.0 HTTP/1.1" 304 210 "http://whedd.dividesbyzero.net/" "Mozilla/5.0 (Macintosh; Intel Mac OS X 10_9_2) AppleWebKit/537.36 (KHTML, like Gecko) Chrome/37.0.2062.94 Safari/537.36"
23.255.252.119 - - [18/Sep/2014:00:26:47 -0700] "GET /wp-includes/js/jquery/jquery.js?ver=1.11.1 HTTP/1.1" 304 211 "http://whedd.dividesbyzero.net/" "Mozilla/5.0 (Macintosh; Intel Mac OS X 10_9_2) AppleWebKit/537.36 (KHTML, like Gecko) Chrome/37.0.2062.94 Safari/537.36"
23.255.252.119 - - [18/Sep/2014:00:26:47 -0700] "GET /wp-content/themes/twentyfourteen/js/functions.js?ver=20140616 HTTP/1.1" 304 208 "http://whedd.dividesbyzero.net/" "Mozilla/5.0 (Macintosh; Intel Mac OS X 10_9_2) AppleWebKit/537.36 (KHTML, like Gecko) Chrome/37.0.2062.94 Safari/537.36"
23.255.252.119 - - [18/Sep/2014:00:26:51 -0700] "GET /wp-admin/ HTTP/1.1" 200 12228 "http://whedd.dividesbyzero.net/" "Mozilla/5.0 (Macintosh; Intel Mac OS X 10_9_2) AppleWebKit/537.36 (KHTML, like Gecko) Chrome/37.0.2062.94 Safari/537.36"
23.255.252.119 - - [18/Sep/2014:00:26:51 -0700] "GET /wp-content/plugins/akismet/_inc/akismet.css?ver=3.0.2 HTTP/1.1" 304 209 "http://whedd.dividesbyzero.net/wp-admin/" "Mozilla/5.0 (Macintosh; Intel Mac OS X 10_9_2) AppleWebKit/537.36 (KHTML, like Gecko) Chrome/37.0.2062.94 Safari/537.36"
23.255.252.119 - - [18/Sep/2014:00:26:51 -0700] "GET /wp-content/plugins/akismet/_inc/akismet.js?ver=3.0.2 HTTP/1.1" 304 209 "http://whedd.dividesbyzero.net/wp-admin/" "Mozilla/5.0 (Macintosh; Intel Mac OS X 10_9_2) AppleWebKit/537.36 (KHTML, like Gecko) Chrome/37.0.2062.94 Safari/537.36"
23.255.252.119 - - [18/Sep/2014:00:26:51 -0700] "GET /wp-includes/css/editor.min.css?ver=4.0 HTTP/1.1" 304 209 "http://whedd.dividesbyzero.net/wp-admin/" "Mozilla/5.0 (Macintosh; Intel Mac OS X 10_9_2) AppleWebKit/537.36 (KHTML, like Gecko) Chrome/37.0.2062.94 Safari/537.36"
23.255.252.119 - - [18/Sep/2014:00:26:56 -0700] "GET /wp-admin/themes.php HTTP/1.1" 200 9132 "http://whedd.dividesbyzero.net/wp-admin/" "Mozilla/5.0 (Macintosh; Intel Mac OS X 10_9_2) AppleWebKit/537.36 (KHTML, like Gecko) Chrome/37.0.2062.94 Safari/537.36"
23.255.252.119 - - [18/Sep/2014:00:27:03 -0700] "GET /wp-admin/undefined HTTP/1.1" 404 513 "http://whedd.dividesbyzero.net/wp-admin/themes.php?theme=Whedd" "Mozilla/5.0 (Macintosh; Intel Mac OS X 10_9_2) AppleWebKit/537.36 (KHTML, like Gecko) Chrome/37.0.2062.94 Safari/537.36"
23.255.252.119 - - [18/Sep/2014:00:27:13 -0700] "GET /wp-admin/customize.php?theme=Whedd HTTP/1.1" 200 7557 "http://whedd.dividesbyzero.net/wp-admin/themes.php?theme=Whedd" "Mozilla/5.0 (Macintosh; Intel Mac OS X 10_9_2) AppleWebKit/537.36 (KHTML, like Gecko) Chrome/37.0.2062.94 Safari/537.36"
23.255.252.119 - - [18/Sep/2014:00:27:14 -0700] "GET /wp-admin/load-scripts.php?c=0&load%5B%5D=jquery-core,jquery-migrate,json2&ver=4.0 HTTP/1.1" 200 37352 "http://whedd.dividesbyzero.net/wp-admin/customize.php?theme=Whedd" "Mozilla/5.0 (Macintosh; Intel Mac OS X 10_9_2) AppleWebKit/537.36 (KHTML, like Gecko) Chrome/37.0.2062.94 Safari/537.36"
23.255.252.119 - - [18/Sep/2014:00:27:14 -0700] "GET /wp-admin/load-scripts.php?c=0&load%5B%5D=customize-base,customize-controls,accordion,jquery-ui-core,jquery-ui-widget,jquery-ui-mouse,jquery-ui-sortable,jquery-ui-draggab&load%5B%5D=le,jquery-ui-droppable,underscore,backbone,wp-util,wp-backbone,customize-widgets&ver=4.0 HTTP/1.1" 200 41203 "http://whedd.dividesbyzero.net/wp-admin/customize.php?theme=Whedd" "Mozilla/5.0 (Macintosh; Intel Mac OS X 10_9_2) AppleWebKit/537.36 (KHTML, like Gecko) Chrome/37.0.2062.94 Safari/537.36"
23.255.252.119 - - [18/Sep/2014:00:27:14 -0700] "GET /wp-admin/load-styles.php?c=0&dir=ltr&load=dashicons,wp-admin,buttons,customize-controls,customize-widgets&ver=4.0 HTTP/1.1" 200 72938 "http://whedd.dividesbyzero.net/wp-admin/customize.php?theme=Whedd" "Mozilla/5.0 (Macintosh; Intel Mac OS X 10_9_2) AppleWebKit/537.36 (KHTML, like Gecko) Chrome/37.0.2062.94 Safari/537.36"
23.255.252.119 - - [18/Sep/2014:00:27:14 -0700] "POST / HTTP/1.1" 200 1347 "http://whedd.dividesbyzero.net/wp-admin/customize.php?theme=Whedd" "Mozilla/5.0 (Macintosh; Intel Mac OS X 10_9_2) AppleWebKit/537.36 (KHTML, like Gecko) Chrome/37.0.2062.94 Safari/537.36"
23.255.252.119 - - [18/Sep/2014:00:27:14 -0700] "GET /wp-admin/css/html5-doctor-reset-stylesheet.min.css HTTP/1.1" 404 531 "http://whedd.dividesbyzero.net/wp-admin/customize.php?theme=Whedd" "Mozilla/5.0 (Macintosh; Intel Mac OS X 10_9_2) AppleWebKit/537.36 (KHTML, like Gecko) Chrome/37.0.2062.94 Safari/537.36"
23.255.252.119 - - [18/Sep/2014:00:27:14 -0700] "GET /wp-admin/css/3.css HTTP/1.1" 404 513 "http://whedd.dividesbyzero.net/wp-admin/customize.php?theme=Whedd" "Mozilla/5.0 (Macintosh; Intel Mac OS X 10_9_2) AppleWebKit/537.36 (KHTML, like Gecko) Chrome/37.0.2062.94 Safari/537.36"
23.255.252.119 - - [18/Sep/2014:00:27:14 -0700] "GET /wp-admin/js/header3.js HTTP/1.1" 404 515 "http://whedd.dividesbyzero.net/wp-admin/customize.php?theme=Whedd" "Mozilla/5.0 (Macintosh; Intel Mac OS X 10_9_2) AppleWebKit/537.36 (KHTML, like Gecko) Chrome/37.0.2062.94 Safari/537.36"
23.255.252.119 - - [18/Sep/2014:00:27:14 -0700] "GET /wp-admin/js/jquery.js HTTP/1.1" 404 515 "http://whedd.dividesbyzero.net/wp-admin/customize.php?theme=Whedd" "Mozilla/5.0 (Macintosh; Intel Mac OS X 10_9_2) AppleWebKit/537.36 (KHTML, like Gecko) Chrome/37.0.2062.94 Safari/537.36"
23.255.252.119 - - [18/Sep/2014:00:27:14 -0700] "GET /wp-admin/js/jquery-ui.min.js HTTP/1.1" 404 521 "http://whedd.dividesbyzero.net/wp-admin/customize.php?theme=Whedd" "Mozilla/5.0 (Macintosh; Intel Mac OS X 10_9_2) AppleWebKit/537.36 (KHTML, like Gecko) Chrome/37.0.2062.94 Safari/537.36"
23.255.252.119 - - [18/Sep/2014:00:27:14 -0700] "GET /wp-admin/images/My-logo-light.png HTTP/1.1" 404 527 "http://whedd.dividesbyzero.net/wp-admin/customize.php?theme=Whedd" "Mozilla/5.0 (Macintosh; Intel Mac OS X 10_9_2) AppleWebKit/537.36 (KHTML, like Gecko) Chrome/37.0.2062.94 Safari/537.36"
23.255.252.119 - - [18/Sep/2014:00:27:15 -0700] "GET /wp-admin/images/My-logo-light.png HTTP/1.1" 404 526 "http://whedd.dividesbyzero.net/wp-admin/customize.php?theme=Whedd" "Mozilla/5.0 (Macintosh; Intel Mac OS X 10_9_2) AppleWebKit/537.36 (KHTML, like Gecko) Chrome/37.0.2062.94 Safari/537.36"
23.255.252.119 - - [18/Sep/2014:00:27:58 -0700] "POST /wp-admin/admin-ajax.php HTTP/1.1" 200 593 "http://whedd.dividesbyzero.net/wp-admin/customize.php?theme=Whedd" "Mozilla/5.0 (Macintosh; Intel Mac OS X 10_9_2) AppleWebKit/537.36 (KHTML, like Gecko) Chrome/37.0.2062.94 Safari/537.36"
23.255.252.119 - - [18/Sep/2014:00:28:30 -0700] "GET /wp-admin/customize.php?theme=Whedd HTTP/1.1" 200 7557 "http://whedd.dividesbyzero.net/wp-admin/" "Mozilla/5.0 (Macintosh; Intel Mac OS X 10_9_2) AppleWebKit/537.36 (KHTML, like Gecko) Chrome/37.0.2062.94 Safari/537.36"
23.255.252.119 - - [18/Sep/2014:00:28:31 -0700] "GET /wp-includes/js/imgareaselect/imgareaselect.css?ver=0.9.8 HTTP/1.1" 304 209 "http://whedd.dividesbyzero.net/wp-admin/customize.php?theme=Whedd" "Mozilla/5.0 (Macintosh; Intel Mac OS X 10_9_2) AppleWebKit/537.36 (KHTML, like Gecko) Chrome/37.0.2062.94 Safari/537.36"
23.255.252.119 - - [18/Sep/2014:00:28:31 -0700] "GET /wp-admin/load-scripts.php?c=0&load%5B%5D=jquery-core,jquery-migrate,json2&ver=4.0 HTTP/1.1" 200 37352 "http://whedd.dividesbyzero.net/wp-admin/customize.php?theme=Whedd" "Mozilla/5.0 (Macintosh; Intel Mac OS X 10_9_2) AppleWebKit/537.36 (KHTML, like Gecko) Chrome/37.0.2062.94 Safari/537.36"
23.255.252.119 - - [18/Sep/2014:00:28:31 -0700] "GET /wp-admin/load-styles.php?c=0&dir=ltr&load=dashicons,wp-admin,buttons,customize-controls,customize-widgets&ver=4.0 HTTP/1.1" 200 72938 "http://whedd.dividesbyzero.net/wp-admin/customize.php?theme=Whedd" "Mozilla/5.0 (Macintosh; Intel Mac OS X 10_9_2) AppleWebKit/537.36 (KHTML, like Gecko) Chrome/37.0.2062.94 Safari/537.36"
23.255.252.119 - - [18/Sep/2014:00:28:31 -0700] "GET /wp-admin/load-scripts.php?c=0&load%5B%5D=customize-base,customize-controls,accordion,jquery-ui-core,jquery-ui-widget,jquery-ui-mouse,jquery-ui-sortable,jquery-ui-draggab&load%5B%5D=le,jquery-ui-droppable,underscore,backbone,wp-util,wp-backbone,customize-widgets&ver=4.0 HTTP/1.1" 200 41203 "http://whedd.dividesbyzero.net/wp-admin/customize.php?theme=Whedd" "Mozilla/5.0 (Macintosh; Intel Mac OS X 10_9_2) AppleWebKit/537.36 (KHTML, like Gecko) Chrome/37.0.2062.94 Safari/537.36"
23.255.252.119 - - [18/Sep/2014:00:28:31 -0700] "GET /wp-admin/images/spinner.gif HTTP/1.1" 304 186 "http://whedd.dividesbyzero.net/wp-admin/customize.php?theme=Whedd" "Mozilla/5.0 (Macintosh; Intel Mac OS X 10_9_2) AppleWebKit/537.36 (KHTML, like Gecko) Chrome/37.0.2062.94 Safari/537.36"
23.255.252.119 - - [18/Sep/2014:00:28:31 -0700] "POST / HTTP/1.1" 500 581 "http://whedd.dividesbyzero.net/wp-admin/customize.php?theme=Whedd" "Mozilla/5.0 (Macintosh; Intel Mac OS X 10_9_2) AppleWebKit/537.36 (KHTML, like Gecko) Chrome/37.0.2062.94 Safari/537.36"
23.255.252.119 - - [18/Sep/2014:00:29:13 -0700] "POST / HTTP/1.1" 500 581 "http://whedd.dividesbyzero.net/wp-admin/customize.php?theme=Whedd" "Mozilla/5.0 (Macintosh; Intel Mac OS X 10_9_2) AppleWebKit/537.36 (KHTML, like Gecko) Chrome/37.0.2062.94 Safari/537.36"
23.255.252.119 - - [18/Sep/2014:00:29:16 -0700] "POST / HTTP/1.1" 500 637 "http://whedd.dividesbyzero.net/wp-admin/customize.php?theme=Whedd" "Mozilla/5.0 (Macintosh; Intel Mac OS X 10_9_2) AppleWebKit/537.36 (KHTML, like Gecko) Chrome/37.0.2062.94 Safari/537.36"
23.255.252.119 - - [18/Sep/2014:00:29:19 -0700] "POST / HTTP/1.1" 500 581 "http://whedd.dividesbyzero.net/wp-admin/customize.php?theme=Whedd" "Mozilla/5.0 (Macintosh; Intel Mac OS X 10_9_2) AppleWebKit/537.36 (KHTML, like Gecko) Chrome/37.0.2062.94 Safari/537.36"
23.255.252.119 - - [18/Sep/2014:00:29:30 -0700] "GET /wp-admin/themes.php HTTP/1.1" 200 9131 "http://whedd.dividesbyzero.net/wp-admin/customize.php?theme=Whedd" "Mozilla/5.0 (Macintosh; Intel Mac OS X 10_9_2) AppleWebKit/537.36 (KHTML, like Gecko) Chrome/37.0.2062.94 Safari/537.36"
23.255.252.119 - - [18/Sep/2014:00:30:31 -0700] "POST /wp-admin/admin-ajax.php HTTP/1.1" 200 593 "http://whedd.dividesbyzero.net/wp-admin/themes.php" "Mozilla/5.0 (Macintosh; Intel Mac OS X 10_9_2) AppleWebKit/537.36 (KHTML, like Gecko) Chrome/37.0.2062.94 Safari/537.36"
23.255.252.119 - - [18/Sep/2014:00:31:30 -0700] "POST /wp-admin/admin-ajax.php HTTP/1.1" 200 593 "http://whedd.dividesbyzero.net/wp-admin/themes.php" "Mozilla/5.0 (Macintosh; Intel Mac OS X 10_9_2) AppleWebKit/537.36 (KHTML, like Gecko) Chrome/37.0.2062.94 Safari/537.36"
23.255.252.119 - - [18/Sep/2014:00:32:31 -0700] "POST /wp-admin/admin-ajax.php HTTP/1.1" 200 593 "http://whedd.dividesbyzero.net/wp-admin/themes.php" "Mozilla/5.0 (Macintosh; Intel Mac OS X 10_9_2) AppleWebKit/537.36 (KHTML, like Gecko) Chrome/37.0.2062.94 Safari/537.36"
23.255.252.119 - - [18/Sep/2014:09:12:17 -0700] "POST /wp-admin/admin-ajax.php HTTP/1.1" 200 593 "http://whedd.dividesbyzero.net/wp-admin/themes.php" "Mozilla/5.0 (Macintosh; Intel Mac OS X 10_9_2) AppleWebKit/537.36 (KHTML, like Gecko) Chrome/37.0.2062.94 Safari/537.36"
23.255.252.119 - - [18/Sep/2014:09:12:18 -0700] "POST /wp-cron.php?doing_wp_cron=1411056737.9089310169219970703125 HTTP/1.0" 200 212 "-" "WordPress/4.0; http://whedd.dividesbyzero.net"
23.255.252.119 - - [18/Sep/2014:09:13:18 -0700] "POST /wp-admin/admin-ajax.php HTTP/1.1" 200 593 "http://whedd.dividesbyzero.net/wp-admin/themes.php" "Mozilla/5.0 (Macintosh; Intel Mac OS X 10_9_2) AppleWebKit/537.36 (KHTML, like Gecko) Chrome/37.0.2062.94 Safari/537.36"
23.255.252.119 - - [18/Sep/2014:09:15:22 -0700] "POST /wp-admin/admin-ajax.php HTTP/1.1" 200 593 "http://whedd.dividesbyzero.net/wp-admin/themes.php" "Mozilla/5.0 (Macintosh; Intel Mac OS X 10_9_2) AppleWebKit/537.36 (KHTML, like Gecko) Chrome/37.0.2062.94 Safari/537.36"
66.249.83.11 - - [18/Sep/2014:09:18:15 -0700] "GET / HTTP/1.1" 200 2655 "-" "Mozilla/5.0 (Windows NT 6.1; rv:6.0) Gecko/20110814 Firefox/6.0 Google favicon"
66.249.83.11 - - [18/Sep/2014:09:18:15 -0700] "GET /favicon.ico HTTP/1.1" 404 508 "-" "Mozilla/5.0 (Windows NT 6.1; rv:6.0) Gecko/20110814 Firefox/6.0 Google favicon"
23.255.252.119 - - [18/Sep/2014:13:44:58 -0700] "GET /wp-admin/themes.php?theme=twentyfourteen HTTP/1.1" 200 9143 "http://whedd.dividesbyzero.net/wp-admin/customize.php?return=%2Fwp-admin%2Fthemes.php" "Mozilla/5.0 (Macintosh; Intel Mac OS X 10_9_2) AppleWebKit/537.36 (KHTML, like Gecko) Chrome/37.0.2062.94 Safari/537.36"
23.255.252.119 - - [18/Sep/2014:13:44:58 -0700] "POST /wp-cron.php?doing_wp_cron=1411073098.4657189846038818359375 HTTP/1.0" 200 212 "-" "WordPress/4.0; http://whedd.dividesbyzero.net"
23.255.252.119 - - [18/Sep/2014:13:45:02 -0700] "GET / HTTP/1.1" 200 4282 "http://whedd.dividesbyzero.net/wp-admin/themes.php" "Mozilla/5.0 (Macintosh; Intel Mac OS X 10_9_2) AppleWebKit/537.36 (KHTML, like Gecko) Chrome/37.0.2062.94 Safari/537.36"
23.255.252.119 - - [18/Sep/2014:13:45:02 -0700] "GET /wp-includes/css/dashicons.min.css?ver=4.0 HTTP/1.1" 304 209 "http://whedd.dividesbyzero.net/" "Mozilla/5.0 (Macintosh; Intel Mac OS X 10_9_2) AppleWebKit/537.36 (KHTML, like Gecko) Chrome/37.0.2062.94 Safari/537.36"
23.255.252.119 - - [18/Sep/2014:13:45:02 -0700] "GET /wp-includes/css/admin-bar.min.css?ver=4.0 HTTP/1.1" 304 210 "http://whedd.dividesbyzero.net/" "Mozilla/5.0 (Macintosh; Intel Mac OS X 10_9_2) AppleWebKit/537.36 (KHTML, like Gecko) Chrome/37.0.2062.94 Safari/537.36"
23.255.252.119 - - [18/Sep/2014:13:45:02 -0700] "GET /wp-content/themes/twentyfourteen/genericons/genericons.css?ver=3.0.3 HTTP/1.1" 304 210 "http://whedd.dividesbyzero.net/" "Mozilla/5.0 (Macintosh; Intel Mac OS X 10_9_2) AppleWebKit/537.36 (KHTML, like Gecko) Chrome/37.0.2062.94 Safari/537.36"
23.255.252.119 - - [18/Sep/2014:13:45:02 -0700] "GET /wp-content/themes/twentyfourteen/style.css?ver=4.0 HTTP/1.1" 304 211 "http://whedd.dividesbyzero.net/" "Mozilla/5.0 (Macintosh; Intel Mac OS X 10_9_2) AppleWebKit/537.36 (KHTML, like Gecko) Chrome/37.0.2062.94 Safari/537.36"
23.255.252.119 - - [18/Sep/2014:13:45:02 -0700] "GET /wp-includes/js/jquery/jquery.js?ver=1.11.1 HTTP/1.1" 304 211 "http://whedd.dividesbyzero.net/" "Mozilla/5.0 (Macintosh; Intel Mac OS X 10_9_2) AppleWebKit/537.36 (KHTML, like Gecko) Chrome/37.0.2062.94 Safari/537.36"
23.255.252.119 - - [18/Sep/2014:13:45:02 -0700] "GET /wp-content/themes/twentyfourteen/js/functions.js?ver=20140616 HTTP/1.1" 304 209 "http://whedd.dividesbyzero.net/" "Mozilla/5.0 (Macintosh; Intel Mac OS X 10_9_2) AppleWebKit/537.36 (KHTML, like Gecko) Chrome/37.0.2062.94 Safari/537.36"
23.255.252.119 - - [18/Sep/2014:13:45:07 -0700] "GET /wp-admin/themes.php HTTP/1.1" 200 9131 "http://whedd.dividesbyzero.net/" "Mozilla/5.0 (Macintosh; Intel Mac OS X 10_9_2) AppleWebKit/537.36 (KHTML, like Gecko) Chrome/37.0.2062.94 Safari/537.36"
23.255.252.119 - - [18/Sep/2014:13:45:12 -0700] "GET /wp-admin/themes.php HTTP/1.1" 200 9131 "http://whedd.dividesbyzero.net/wp-admin/themes.php" "Mozilla/5.0 (Macintosh; Intel Mac OS X 10_9_2) AppleWebKit/537.36 (KHTML, like Gecko) Chrome/37.0.2062.94 Safari/537.36"
23.255.252.119 - - [18/Sep/2014:13:45:16 -0700] "GET /wp-admin/themes.php?action=activate&stylesheet=Whedd&_wpnonce=42daf4b4cb HTTP/1.1" 302 513 "http://whedd.dividesbyzero.net/wp-admin/themes.php" "Mozilla/5.0 (Macintosh; Intel Mac OS X 10_9_2) AppleWebKit/537.36 (KHTML, like Gecko) Chrome/37.0.2062.94 Safari/537.36"
23.255.252.119 - - [18/Sep/2014:13:45:16 -0700] "GET /wp-admin/themes.php?activated=true HTTP/1.1" 200 8602 "http://whedd.dividesbyzero.net/wp-admin/themes.php" "Mozilla/5.0 (Macintosh; Intel Mac OS X 10_9_2) AppleWebKit/537.36 (KHTML, like Gecko) Chrome/37.0.2062.94 Safari/537.36"
23.255.252.119 - - [18/Sep/2014:13:45:20 -0700] "GET / HTTP/1.1" 500 457 "http://whedd.dividesbyzero.net/wp-admin/themes.php?activated=true" "Mozilla/5.0 (Macintosh; Intel Mac OS X 10_9_2) AppleWebKit/537.36 (KHTML, like Gecko) Chrome/37.0.2062.94 Safari/537.36"
